---
source: src/cli/generator/generator.rs
expression: config.to_sdl()
---
schema @server @upstream(baseURL: "https://api.deezer.com") {
  query: Query
}

type Album {
  album: Music
  artist: T42
  duration: Int
  explicit_content_cover: Int
  explicit_content_lyrics: Int
  explicit_lyrics: Boolean
  id: Int
  link: String
  md5_image: String
  preview: String
  rank: Int
  readable: Boolean
  time_add: Int
  title: String
  title_short: String
  title_version: String
  type: String
}

type Chart {
  checksum: String
  collaborative: Boolean
  creation_date: String
  creator: Media
  description: String
  duration: Int
  fans: Int
  id: Int
  is_loved_track: Boolean
  link: String
  md5_image: String
  nb_tracks: Int
  picture: String
  picture_big: String
  picture_medium: String
  picture_small: String
  picture_type: String
  picture_xl: String
  public: Boolean
  share: String
  title: String
  tracklist: String
  tracks: Data
  type: String
}

type Data {
  checksum: String
  data: [Album]
}

type Media {
  id: Int
  name: String
  tracklist: String
  type: String
}

type Music {
  cover: String
  cover_big: String
  cover_medium: String
  cover_small: String
  cover_xl: String
  id: Int
  md5_image: String
  title: String
  tracklist: String
  type: String
}

type Next {
  data: [JSON]
  next: String
  total: Int
}

type Query {
  album(p1: Int!): T39 @http(path: "/album/{{.args.p1}}")
  artist(p1: Int!): T40 @http(path: "/artist/{{.args.p1}}")
  chart: T184 @http(path: "/chart")
  editorial: T186 @http(path: "/editorial")
  playlist(p1: Int!): Chart @http(path: "/playlist/{{.args.p1}}")
  search(q: String): Next @http(path: "/search", query: [{key: "q", value: "{{.args.q}}"}])
  track(p1: Int!): T4 @http(path: "/track/{{.args.p1}}")
  user(p1: Int!): T187 @http(path: "/user/{{.args.p1}}")
}

type Song {
  id: Int
  link: String
  name: String
  picture: String
  picture_big: String
  picture_medium: String
  picture_small: String
  picture_xl: String
  radio: Boolean
  role: String
  share: String
  tracklist: String
  type: String
}

type T165 {
  album: Music
  artist: T145
  duration: Int
  explicit_content_cover: Int
  explicit_content_lyrics: Int
  explicit_lyrics: Boolean
  id: Int
  link: String
  md5_image: String
  position: Int
  preview: String
  rank: Int
  title: String
  title_short: String
  title_version: String
  type: String
}

type T166 {
  data: [T165]
  total: Int
}

type T167 {
  data: [JSON]
  total: Int
}

type T168 {
  id: Int
  link: String
  name: String
  picture: String
  picture_big: String
  picture_medium: String
  picture_small: String
  picture_xl: String
  position: Int
  radio: Boolean
  tracklist: String
  type: String
}

type T169 {
  data: [T168]
  total: Int
}

type T180 {
  checksum: String
  creation_date: String
  id: Int
  link: String
  md5_image: String
  nb_tracks: Int
  picture: String
  picture_big: String
  picture_medium: String
  picture_small: String
  picture_type: String
  picture_xl: String
  public: Boolean
  title: String
  tracklist: String
  type: String
  user: Media
}

type T181 {
  data: [T180]
  total: Int
}

type T182 {
  available: Boolean
  description: String
  fans: Int
  id: Int
  link: String
  picture: String
  picture_big: String
  picture_medium: String
  picture_small: String
  picture_xl: String
  share: String
  title: String
  type: String
}

type T185 {
  id: Int
  name: String
  picture: String
  picture_big: String
  picture_medium: String
  picture_small: String
  picture_xl: String
  type: String
}

type T187 {
  country: String
  id: Int
  link: String
  name: String
  picture: String
  picture_big: String
  picture_medium: String
  picture_small: String
  picture_xl: String
  tracklist: String
  type: String
}

type T2 {
  id: Int
  link: String
  name: String
  picture: String
  picture_big: String
  picture_medium: String
  picture_small: String
  picture_xl: String
  radio: Boolean
  share: String
  tracklist: String
  type: String
}

type T3 {
  cover: String
  cover_big: String
  cover_medium: String
  cover_small: String
  cover_xl: String
  id: Int
  link: String
  md5_image: String
  release_date: String
  title: String
  tracklist: String
  type: String
}

type T37 {
  album: Music
  artist: Media
  duration: Int
  explicit_content_cover: Int
  explicit_content_lyrics: Int
  explicit_lyrics: Boolean
  id: Int
  link: String
  md5_image: String
  preview: String
  rank: Int
  readable: Boolean
  title: String
  title_short: String
  title_version: String
  type: String
}

type T38 {
  data: [T37]
}

type T39 {
  artist: T8
  available: Boolean
  contributors: [Song]
  cover: String
  cover_big: String
  cover_medium: String
  cover_small: String
  cover_xl: String
  duration: Int
  explicit_content_cover: Int
  explicit_content_lyrics: Int
  explicit_lyrics: Boolean
  fans: Int
  genre_id: Int
  genres: T6
  id: Int
  label: String
  link: String
  md5_image: String
  nb_tracks: Int
  record_type: String
  release_date: String
  share: String
  title: String
  tracklist: String
  tracks: T38
  type: String
  upc: String
}

type T4 {
  album: T3
  artist: T2
  available_countries: [String]
  bpm: Int
  contributors: [Song]
  disk_number: Int
  duration: Int
  explicit_content_cover: Int
  explicit_content_lyrics: Int
  explicit_lyrics: Boolean
  gain: Int
  id: Int
  isrc: String
  link: String
  md5_image: String
  preview: String
  rank: Int
  readable: Boolean
  release_date: String
  share: String
  title: String
  title_short: String
  title_version: String
  track_position: Int
  type: String
}

type T40 {
  id: Int
  link: String
  name: String
  nb_album: Int
  nb_fan: Int
  picture: String
  picture_big: String
  picture_medium: String
  picture_small: String
  picture_xl: String
  radio: Boolean
  share: String
  tracklist: String
  type: String
}

type T42 {
  id: Int
  link: String
  name: String
  tracklist: String
  type: String
}

type T5 {
  id: Int
  name: String
  picture: String
  type: String
}

type T8 {
  id: Int
  name: String
  picture: String
  picture_big: String
  picture_medium: String
  picture_small: String
  picture_xl: String
  tracklist: String
  type: String
}

type Total {
  data: [T182]
  total: Int
}
