---
source: src/core/config/transformer/improve_type_names/improve_type_names_llm.rs
expression: transformed_config.to_sdl()
---
schema @server @upstream {
  query: Query
}

type CycleNode {
  cycle: CycleNode
  id: ID!
}

type Post {
  author: User!
  content: String!
  cycle: CycleNode
  id: ID!
  title: String!
}

type Query {
  f1: [User] @http(baseURL: "https://jsonplaceholder.typicode.com", path: "/users")
}

type User {
  id: ID!
  name: String!
  posts: [Post]!
}
