---
source: src/core/config/transformer/improve_type_names/improve_type_names.rs
expression: transformed_config.to_sdl()
---
schema @server @upstream {
  query: Query
}

type Company {
  bs: String
  catchPhrase: String
  name: String
}

type Location {
  city: String
  geo: Location
  street: String
  suite: String
  zipcode: String
}

type Query {
  f1: [User] @http(baseURL: "https://jsonplaceholder.typicode.com", path: "/users")
}

type User {
  address: Location
  company: Company
  email: String
  id: Int
  name: String
  phone: String
  username: String
  website: String
}
