---
source: src/core/generator/generator.rs
expression: cfg_module.config().to_sdl()
---
schema @server(hostname: "0.0.0.0", port: 8000) @upstream(baseURL: "https://example.com", httpCache: 42) @link(src: "../../../tailcall-fixtures/fixtures/protobuf/news.proto", type: Protobuf) {
  query: Query
}

input Article @tag(id: "news.NewsId") {
  id: Int
}

input news__MultipleNewsId @tag(id: "news.MultipleNewsId") {
  ids: [Article]
}

input news__NewsInput @tag(id: "news.News") {
  body: String
  id: Int
  postImage: String
  status: news__Status
  title: String
}

enum news__Status {
  DELETED
  DRAFT
  PUBLISHED
}

type Album {
  id: Int!
  photos: [Photo] @http(path: "/albums/{{.value.id}}/photos?_limit=3")
  title: Int
  userId: Int!
}

type ArticleList @tag(id: "news.NewsList") {
  news: [Article]
}

type Comment {
  body: String!
  email: String!
  id: Int!
  name: String!
  title: String! @expr(body: "{{.value.email}}: {{.value.name}}")
}

type Photo {
  albumId: Int!
  combinedId: String! @expr(body: "Album: {{.value.albumId}}, photo: {{.value.id}}")
  id: Int!
  title: String!
}

type Post {
  body: String!
  comments: [Comment] @http(path: "/posts/{{.value.id}}/comments")
  id: Int!
  title: String!
  user: User @http(path: "/users/{{.value.userId}}")
  userId: Int!
  users: [User] @http(path: "/users")
}

type Query {
  f1: Template @http(path: "/")
  news__NewsService__AddNews(news: news__NewsInput!): Article! @grpc(body: "{{.args.news}}", method: "news.NewsService.AddNews")
  news__NewsService__DeleteNews(newsId: news__NewsId!): Empty! @grpc(body: "{{.args.newsId}}", method: "news.NewsService.DeleteNews")
  news__NewsService__EditNews(news: news__NewsInput!): Article! @grpc(body: "{{.args.news}}", method: "news.NewsService.EditNews")
  news__NewsService__GetAllNews: ArticleList! @grpc(method: "news.NewsService.GetAllNews")
  news__NewsService__GetMultipleNews(multipleNewsId: news__MultipleNewsId!): ArticleList! @grpc(body: "{{.args.multipleNewsId}}", method: "news.NewsService.GetMultipleNews")
  news__NewsService__GetNews(newsId: news__NewsId!): Article! @grpc(body: "{{.args.newsId}}", method: "news.NewsService.GetNews")
  post(id: Int! = 1): Post @http(path: "/posts/{{.args.id}}")
  posts: [Post] @http(path: "/posts?_limit=11")
  user(id: Int!): User @http(path: "/users/{{.args.id}}")
  users: [User] @http(path: "/users")
}

type Template {
  campaignTemplates: JSON
  colors: [JSON]
}

type User {
  albums: [Album] @http(path: "/users/{{.value.id}}/albums?_limit=2")
  blog: String @expr(body: "https://test.blog/users/website/{{.value.username}}")
  email: String!
  id: Int!
  name: String!
  phone: String
  username: String!
}
