---
source: src/cli/llm/infer_type_name.rs
expression: request
---
ChatRequest {
    system: None,
    messages: [
        ChatMessage {
            role: System,
            content: Text(
                "Given the sample schema of a GraphQL type suggest 5 meaningful names for it.",
            ),
            extra: None,
        },
        ChatMessage {
            role: System,
            content: Text(
                " The referenced_at contains the field names where this type is referenced, use those as context to generate the name",
            ),
            extra: None,
        },
        ChatMessage {
            role: System,
            content: Text(
                "The name should be concise and preferably a single word",
            ),
            extra: None,
        },
        ChatMessage {
            role: System,
            content: Text(
                "Example Input:",
            ),
            extra: None,
        },
        ChatMessage {
            role: System,
            content: Text(
                "{\n  \"fields\": [\n    [\n      \"id\",\n      \"String\"\n    ],\n    [\n      \"name\",\n      \"String\"\n    ],\n    [\n      \"age\",\n      \"Int\"\n    ]\n  ],\n  \"referenced_at\": [\n    \"user\",\n    \"users\",\n    \"artist\"\n  ]\n}",
            ),
            extra: None,
        },
        ChatMessage {
            role: System,
            content: Text(
                "Example Output:",
            ),
            extra: None,
        },
        ChatMessage {
            role: System,
            content: Text(
                "{\n  \"suggestions\": [\n    \"Person\",\n    \"Profile\",\n    \"Member\",\n    \"Individual\",\n    \"Contact\"\n  ]\n}",
            ),
            extra: None,
        },
        ChatMessage {
            role: System,
            content: Text(
                "Ensure the output is in valid JSON format",
            ),
            extra: None,
        },
        ChatMessage {
            role: System,
            content: Text(
                "Do not add any additional text before or after the json",
            ),
            extra: None,
        },
        ChatMessage {
            role: User,
            content: Text(
                "{\"fields\":[[\"id\",\"String\"],[\"name\",\"String\"],[\"age\",\"Int\"]],\"referenced_at\":[\"user\",\"users\",\"artist\"]}",
            ),
            extra: None,
        },
    ],
}
